2026-05-25 15:38:25,454 - twister - INFO - Using Ninja..
2026-05-25 15:38:25,514 - twister - INFO - Zephyr version: v4.2.0
2026-05-25 15:38:25,516 - twister - DEBUG - Running cmake script /home/federico/Documents/Curso_Zephyr/taskworkspace/deps/zephyr/cmake/verify-toolchain.cmake
2026-05-25 15:38:25,516 - twister - DEBUG - Calling cmake: /usr/bin/cmake -DFORMAT=json -P /home/federico/Documents/Curso_Zephyr/taskworkspace/deps/zephyr/cmake/verify-toolchain.cmake
2026-05-25 15:38:25,714 - twister - DEBUG - Finished running /home/federico/Documents/Curso_Zephyr/taskworkspace/deps/zephyr/cmake/verify-toolchain.cmake
2026-05-25 15:38:25,714 - twister - INFO - Using 'zephyr' toolchain.
2026-05-25 15:38:26,696 - twister - DEBUG - Reading testsuite configuration files under /home/federico/Documents/Curso_Zephyr/taskworkspace/zephyr-course/tests/ring_buf...
2026-05-25 15:38:26,696 - twister - DEBUG - Found possible testsuite in /home/federico/Documents/Curso_Zephyr/taskworkspace/zephyr-course/tests/ring_buf
2026-05-25 15:38:26,699 - twister - DEBUG - No duplicates found.
2026-05-25 15:38:26,699 - twister - DEBUG - platform filter: ['native_sim']
2026-05-25 15:38:26,699 - twister - DEBUG -   vendor filter: []
2026-05-25 15:38:26,699 - twister - DEBUG -     arch_filter: None
2026-05-25 15:38:26,699 - twister - DEBUG -      tag_filter: None
2026-05-25 15:38:26,699 - twister - DEBUG -     exclude_tag: None
2026-05-25 15:38:26,699 - twister - DEBUG - Checking platform filter: ['native_sim']
2026-05-25 15:38:26,699 - twister - INFO - Building initial testsuite list...
2026-05-25 15:38:26,700 - twister - INFO - Writing JSON report /home/federico/Documents/Curso_Zephyr/taskworkspace/zephyr-course/twister-out/testplan.json
2026-05-25 15:38:26,717 - twister - INFO - JOBS: 8
2026-05-25 15:38:26,717 - twister - INFO - Adding tasks to the queue...
2026-05-25 15:38:26,717 - twister - DEBUG - adding native_sim/native/host/homework.unit.ring_buf
2026-05-25 15:38:26,718 - twister - INFO - Added initial list of jobs to queue
2026-05-25 15:38:26,722 - twister - DEBUG - Running cmake on /home/federico/Documents/Curso_Zephyr/taskworkspace/zephyr-course/tests/ring_buf for native_sim/native
2026-05-25 15:38:26,723 - twister - DEBUG - Calling cmake: /usr/bin/cmake -B/home/federico/Documents/Curso_Zephyr/taskworkspace/zephyr-course/twister-out/native_sim_native/host/homework.unit.ring_buf -DTC_RUNID=152e8f935a3f3e1fa969063db1cd0a28 -DTC_NAME=homework.unit.ring_buf -DCONFIG_COMPILER_WARNINGS_AS_ERRORS=y -DEXTRA_GEN_EDT_ARGS=--edtlib-Werror -GNinja -DPython3_EXECUTABLE=/home/federico/Documents/Curso_Zephyr/taskworkspace/.venv/bin/python3 -DZEPHYR_TOOLCHAIN_VARIANT=host -S/home/federico/Documents/Curso_Zephyr/taskworkspace/zephyr-course/tests/ring_buf -DBOARD=native_sim/native
2026-05-25 15:38:26,733 - twister - DEBUG - Launched 8 jobs
2026-05-25 15:38:31,019 - twister - DEBUG - Finished running cmake /home/federico/Documents/Curso_Zephyr/taskworkspace/zephyr-course/tests/ring_buf for native_sim/native in 4.29 seconds
2026-05-25 15:38:31,020 - twister - DEBUG - build test: native_sim/native/host/homework.unit.ring_buf
2026-05-25 15:38:31,020 - twister - DEBUG - Building /home/federico/Documents/Curso_Zephyr/taskworkspace/zephyr-course/tests/ring_buf for native_sim/native
2026-05-25 15:38:31,021 - twister - DEBUG - Running /usr/bin/cmake --build /home/federico/Documents/Curso_Zephyr/taskworkspace/zephyr-course/twister-out/native_sim_native/host/homework.unit.ring_buf
2026-05-25 15:38:32,940 - twister - DEBUG - Finished building /home/federico/Documents/Curso_Zephyr/taskworkspace/zephyr-course/tests/ring_buf for native_sim/native in 1.92 seconds
2026-05-25 15:38:32,940 - twister - DEBUG - Determine test cases for test instance: native_sim/native/host/homework.unit.ring_buf
2026-05-25 15:38:32,940 - twister - DEBUG - Determine test cases for test suite: homework.unit.ring_buf
2026-05-25 15:38:32,970 - twister - DEBUG - Test instance native_sim/native/host/homework.unit.ring_buf already has 8 testcase(s) known: [<TestCase homework.unit.ring_buf.ring_buf_boundaries.peek_does_not_consume with None>, <TestCase homework.unit.ring_buf.ring_buf_boundaries.pop_null_returns_einval with None>, <TestCase homework.unit.ring_buf.ring_buf_push_pop.push_full_returns_enospc with None>, <TestCase homework.unit.ring_buf.ring_buf_boundaries.is_full_after_fill with None>, <TestCase homework.unit.ring_buf.ring_buf_init.fresh_state with None>, <TestCase homework.unit.ring_buf.ring_buf_push_pop.fifo_order with None>, <TestCase homework.unit.ring_buf.ring_buf_init.reinit_clears_state with None>, <TestCase homework.unit.ring_buf.ring_buf_push_pop.single_push_pop with None>]
2026-05-25 15:38:32,970 - twister - DEBUG - Detected 8 Ztest case(s): [homework.unit.ring_buf.ring_buf_boundaries.is_full_after_fill, homework.unit.ring_buf.ring_buf_boundaries.pop_null_returns_einval, homework.unit.ring_buf.ring_buf_boundaries.peek_does_not_consume, homework.unit.ring_buf.ring_buf_push_pop.push_full_returns_enospc, homework.unit.ring_buf.ring_buf_push_pop.fifo_order, homework.unit.ring_buf.ring_buf_push_pop.single_push_pop, homework.unit.ring_buf.ring_buf_init.reinit_clears_state, homework.unit.ring_buf.ring_buf_init.fresh_state] in /home/federico/Documents/Curso_Zephyr/taskworkspace/zephyr-course/twister-out/native_sim_native/host/homework.unit.ring_buf/zephyr/zephyr.elf
2026-05-25 15:38:32,973 - twister - DEBUG - run test: native_sim/native/host/homework.unit.ring_buf
2026-05-25 15:38:32,973 - twister - DEBUG - Reset instance status from 'passed' to None before run.
2026-05-25 15:38:32,973 - twister - DEBUG - Spawning process: /home/federico/Documents/Curso_Zephyr/taskworkspace/zephyr-course/twister-out/native_sim_native/host/homework.unit.ring_buf/zephyr/zephyr.exe
in directory: /home/federico/Documents/Curso_Zephyr/taskworkspace/zephyr-course/twister-out/native_sim_native/host/homework.unit.ring_buf
2026-05-25 15:38:32,974 - twister - DEBUG - Spawning BinaryHandler Thread for native_sim/native/host/homework.unit.ring_buf
2026-05-25 15:38:32,974 - twister - DEBUG - OUTPUT: *** Booting Zephyr OS build v4.2.0 ***
2026-05-25 15:38:32,974 - twister - DEBUG - OUTPUT: Running TESTSUITE ring_buf_boundaries
2026-05-25 15:38:32,975 - twister - DEBUG - OUTPUT: ===================================================================
2026-05-25 15:38:32,975 - twister - DEBUG - OUTPUT: START - test_pop_null_returns_einval
2026-05-25 15:38:32,975 - twister - DEBUG - OUTPUT: [00:00:00.000,000] [1;31m<err> ring_buf: value pointer is NULL[0m
2026-05-25 15:38:32,975 - twister - DEBUG - OUTPUT:  PASS - test_pop_null_returns_einval in 0.000 seconds
2026-05-25 15:38:32,975 - twister - DEBUG - OUTPUT: ===================================================================
2026-05-25 15:38:32,975 - twister - DEBUG - OUTPUT: START - test_is_full_after_fill
2026-05-25 15:38:32,975 - twister - DEBUG - OUTPUT:  PASS - test_is_full_after_fill in 0.000 seconds
2026-05-25 15:38:32,975 - twister - DEBUG - OUTPUT: ===================================================================
2026-05-25 15:38:32,976 - twister - DEBUG - OUTPUT: START - test_peek_does_not_consume
2026-05-25 15:38:32,976 - twister - DEBUG - OUTPUT:  PASS - test_peek_does_not_consume in 0.000 seconds
2026-05-25 15:38:32,976 - twister - DEBUG - OUTPUT: ===================================================================
2026-05-25 15:38:32,976 - twister - DEBUG - OUTPUT: START - test_peek_does_not_consume
2026-05-25 15:38:32,976 - twister - DEBUG - OUTPUT:  PASS - test_peek_does_not_consume in 0.000 seconds
2026-05-25 15:38:32,976 - twister - DEBUG - OUTPUT: ===================================================================
2026-05-25 15:38:32,976 - twister - DEBUG - OUTPUT: START - test_is_full_after_fill
2026-05-25 15:38:32,976 - twister - DEBUG - OUTPUT:  PASS - test_is_full_after_fill in 0.000 seconds
2026-05-25 15:38:32,976 - twister - DEBUG - OUTPUT: ===================================================================
2026-05-25 15:38:32,976 - twister - DEBUG - OUTPUT: START - test_pop_null_returns_einval
2026-05-25 15:38:32,976 - twister - DEBUG - OUTPUT: [00:00:00.000,000] [1;31m<err> ring_buf: value pointer is NULL[0m
2026-05-25 15:38:32,977 - twister - DEBUG - OUTPUT:  PASS - test_pop_null_returns_einval in 0.000 seconds
2026-05-25 15:38:32,977 - twister - DEBUG - OUTPUT: ===================================================================
2026-05-25 15:38:32,977 - twister - DEBUG - OUTPUT: START - test_peek_does_not_consume
2026-05-25 15:38:32,977 - twister - DEBUG - OUTPUT:  PASS - test_peek_does_not_consume in 0.000 seconds
2026-05-25 15:38:32,977 - twister - DEBUG - OUTPUT: ===================================================================
2026-05-25 15:38:32,977 - twister - DEBUG - OUTPUT: START - test_pop_null_returns_einval
2026-05-25 15:38:32,977 - twister - DEBUG - OUTPUT: [00:00:00.000,000] [1;31m<err> ring_buf: value pointer is NULL[0m
2026-05-25 15:38:32,977 - twister - DEBUG - OUTPUT:  PASS - test_pop_null_returns_einval in 0.000 seconds
2026-05-25 15:38:32,977 - twister - DEBUG - OUTPUT: ===================================================================
2026-05-25 15:38:32,977 - twister - DEBUG - OUTPUT: START - test_is_full_after_fill
2026-05-25 15:38:32,977 - twister - DEBUG - OUTPUT:  PASS - test_is_full_after_fill in 0.000 seconds
2026-05-25 15:38:32,977 - twister - DEBUG - OUTPUT: ===================================================================
2026-05-25 15:38:32,978 - twister - DEBUG - OUTPUT: TESTSUITE ring_buf_boundaries succeeded
2026-05-25 15:38:32,978 - twister - DEBUG - OUTPUT: Running TESTSUITE ring_buf_boundaries
2026-05-25 15:38:32,978 - twister - DEBUG - OUTPUT: ===================================================================
2026-05-25 15:38:32,978 - twister - DEBUG - OUTPUT: START - test_peek_does_not_consume
2026-05-25 15:38:32,978 - twister - DEBUG - OUTPUT:  PASS - test_peek_does_not_consume in 0.000 seconds
2026-05-25 15:38:32,978 - twister - DEBUG - OUTPUT: ===================================================================
2026-05-25 15:38:32,978 - twister - DEBUG - OUTPUT: START - test_is_full_after_fill
2026-05-25 15:38:32,978 - twister - DEBUG - OUTPUT:  PASS - test_is_full_after_fill in 0.000 seconds
2026-05-25 15:38:32,978 - twister - DEBUG - OUTPUT: ===================================================================
2026-05-25 15:38:32,978 - twister - DEBUG - OUTPUT: START - test_pop_null_returns_einval
2026-05-25 15:38:32,978 - twister - DEBUG - OUTPUT: [00:00:00.000,000] [1;31m<err> ring_buf: value pointer is NULL[0m
2026-05-25 15:38:32,978 - twister - DEBUG - OUTPUT:  PASS - test_pop_null_returns_einval in 0.000 seconds
2026-05-25 15:38:32,978 - twister - DEBUG - OUTPUT: ===================================================================
2026-05-25 15:38:32,978 - twister - DEBUG - OUTPUT: START - test_peek_does_not_consume
2026-05-25 15:38:32,978 - twister - DEBUG - OUTPUT:  PASS - test_peek_does_not_consume in 0.000 seconds
2026-05-25 15:38:32,978 - twister - DEBUG - OUTPUT: ===================================================================
2026-05-25 15:38:32,979 - twister - DEBUG - OUTPUT: START - test_is_full_after_fill
2026-05-25 15:38:32,979 - twister - DEBUG - OUTPUT:  PASS - test_is_full_after_fill in 0.000 seconds
2026-05-25 15:38:32,979 - twister - DEBUG - OUTPUT: ===================================================================
2026-05-25 15:38:32,979 - twister - DEBUG - OUTPUT: START - test_pop_null_returns_einval
2026-05-25 15:38:32,979 - twister - DEBUG - OUTPUT: [00:00:00.000,000] [1;31m<err> ring_buf: value pointer is NULL[0m
2026-05-25 15:38:32,979 - twister - DEBUG - OUTPUT:  PASS - test_pop_null_returns_einval in 0.000 seconds
2026-05-25 15:38:32,979 - twister - DEBUG - OUTPUT: ===================================================================
2026-05-25 15:38:32,979 - twister - DEBUG - OUTPUT: START - test_is_full_after_fill
2026-05-25 15:38:32,979 - twister - DEBUG - OUTPUT:  PASS - test_is_full_after_fill in 0.000 seconds
2026-05-25 15:38:32,979 - twister - DEBUG - OUTPUT: ===================================================================
2026-05-25 15:38:32,979 - twister - DEBUG - OUTPUT: START - test_peek_does_not_consume
2026-05-25 15:38:32,979 - twister - DEBUG - OUTPUT:  PASS - test_peek_does_not_consume in 0.000 seconds
2026-05-25 15:38:32,979 - twister - DEBUG - OUTPUT: ===================================================================
2026-05-25 15:38:32,979 - twister - DEBUG - OUTPUT: START - test_pop_null_returns_einval
2026-05-25 15:38:32,979 - twister - DEBUG - OUTPUT: [00:00:00.000,000] [1;31m<err> ring_buf: value pointer is NULL[0m
2026-05-25 15:38:32,980 - twister - DEBUG - OUTPUT:  PASS - test_pop_null_returns_einval in 0.000 seconds
2026-05-25 15:38:32,980 - twister - DEBUG - OUTPUT: ===================================================================
2026-05-25 15:38:32,980 - twister - DEBUG - OUTPUT: TESTSUITE ring_buf_boundaries succeeded
2026-05-25 15:38:32,980 - twister - DEBUG - OUTPUT: Running TESTSUITE ring_buf_boundaries
2026-05-25 15:38:32,980 - twister - DEBUG - OUTPUT: ===================================================================
2026-05-25 15:38:32,980 - twister - DEBUG - OUTPUT: START - test_is_full_after_fill
2026-05-25 15:38:32,980 - twister - DEBUG - OUTPUT:  PASS - test_is_full_after_fill in 0.000 seconds
2026-05-25 15:38:32,980 - twister - DEBUG - OUTPUT: ===================================================================
2026-05-25 15:38:32,980 - twister - DEBUG - OUTPUT: START - test_peek_does_not_consume
2026-05-25 15:38:32,980 - twister - DEBUG - OUTPUT:  PASS - test_peek_does_not_consume in 0.000 seconds
2026-05-25 15:38:32,980 - twister - DEBUG - OUTPUT: ===================================================================
2026-05-25 15:38:32,980 - twister - DEBUG - OUTPUT: START - test_pop_null_returns_einval
2026-05-25 15:38:32,980 - twister - DEBUG - OUTPUT: [00:00:00.000,000] [1;31m<err> ring_buf: value pointer is NULL[0m
2026-05-25 15:38:32,980 - twister - DEBUG - OUTPUT:  PASS - test_pop_null_returns_einval in 0.000 seconds
2026-05-25 15:38:32,980 - twister - DEBUG - OUTPUT: ===================================================================
2026-05-25 15:38:32,980 - twister - DEBUG - OUTPUT: START - test_peek_does_not_consume
2026-05-25 15:38:32,981 - twister - DEBUG - OUTPUT:  PASS - test_peek_does_not_consume in 0.000 seconds
2026-05-25 15:38:32,981 - twister - DEBUG - OUTPUT: ===================================================================
2026-05-25 15:38:32,981 - twister - DEBUG - OUTPUT: START - test_pop_null_returns_einval
2026-05-25 15:38:32,981 - twister - DEBUG - OUTPUT: [00:00:00.000,000] [1;31m<err> ring_buf: value pointer is NULL[0m
2026-05-25 15:38:32,981 - twister - DEBUG - OUTPUT:  PASS - test_pop_null_returns_einval in 0.000 seconds
2026-05-25 15:38:32,981 - twister - DEBUG - OUTPUT: ===================================================================
2026-05-25 15:38:32,981 - twister - DEBUG - OUTPUT: START - test_is_full_after_fill
2026-05-25 15:38:32,981 - twister - DEBUG - OUTPUT:  PASS - test_is_full_after_fill in 0.000 seconds
2026-05-25 15:38:32,981 - twister - DEBUG - OUTPUT: ===================================================================
2026-05-25 15:38:32,981 - twister - DEBUG - OUTPUT: START - test_peek_does_not_consume
2026-05-25 15:38:32,981 - twister - DEBUG - OUTPUT:  PASS - test_peek_does_not_consume in 0.000 seconds
2026-05-25 15:38:32,981 - twister - DEBUG - OUTPUT: ===================================================================
2026-05-25 15:38:32,981 - twister - DEBUG - OUTPUT: START - test_pop_null_returns_einval
2026-05-25 15:38:32,981 - twister - DEBUG - OUTPUT: [00:00:00.000,000] [1;31m<err> ring_buf: value pointer is NULL[0m
2026-05-25 15:38:32,981 - twister - DEBUG - OUTPUT:  PASS - test_pop_null_returns_einval in 0.000 seconds
2026-05-25 15:38:32,981 - twister - DEBUG - OUTPUT: ===================================================================
2026-05-25 15:38:32,982 - twister - DEBUG - OUTPUT: START - test_is_full_after_fill
2026-05-25 15:38:32,982 - twister - DEBUG - OUTPUT:  PASS - test_is_full_after_fill in 0.000 seconds
2026-05-25 15:38:32,982 - twister - DEBUG - OUTPUT: ===================================================================
2026-05-25 15:38:32,982 - twister - DEBUG - OUTPUT: TESTSUITE ring_buf_boundaries succeeded
2026-05-25 15:38:32,982 - twister - DEBUG - OUTPUT: Running TESTSUITE ring_buf_init
2026-05-25 15:38:32,982 - twister - DEBUG - OUTPUT: ===================================================================
2026-05-25 15:38:32,982 - twister - DEBUG - OUTPUT: START - test_reinit_clears_state
2026-05-25 15:38:32,982 - twister - DEBUG - OUTPUT:  PASS - test_reinit_clears_state in 0.000 seconds
2026-05-25 15:38:32,982 - twister - DEBUG - OUTPUT: ===================================================================
2026-05-25 15:38:32,982 - twister - DEBUG - OUTPUT: START - test_fresh_state
2026-05-25 15:38:32,982 - twister - DEBUG - OUTPUT:  PASS - test_fresh_state in 0.000 seconds
2026-05-25 15:38:32,982 - twister - DEBUG - OUTPUT: ===================================================================
2026-05-25 15:38:32,982 - twister - DEBUG - OUTPUT: START - test_reinit_clears_state
2026-05-25 15:38:32,982 - twister - DEBUG - OUTPUT:  PASS - test_reinit_clears_state in 0.000 seconds
2026-05-25 15:38:32,982 - twister - DEBUG - OUTPUT: ===================================================================
2026-05-25 15:38:32,982 - twister - DEBUG - OUTPUT: START - test_fresh_state
2026-05-25 15:38:32,983 - twister - DEBUG - OUTPUT:  PASS - test_fresh_state in 0.000 seconds
2026-05-25 15:38:32,983 - twister - DEBUG - OUTPUT: ===================================================================
2026-05-25 15:38:32,983 - twister - DEBUG - OUTPUT: START - test_reinit_clears_state
2026-05-25 15:38:32,983 - twister - DEBUG - OUTPUT:  PASS - test_reinit_clears_state in 0.000 seconds
2026-05-25 15:38:32,983 - twister - DEBUG - OUTPUT: ===================================================================
2026-05-25 15:38:32,983 - twister - DEBUG - OUTPUT: START - test_fresh_state
2026-05-25 15:38:32,983 - twister - DEBUG - OUTPUT:  PASS - test_fresh_state in 0.000 seconds
2026-05-25 15:38:32,983 - twister - DEBUG - OUTPUT: ===================================================================
2026-05-25 15:38:32,983 - twister - DEBUG - OUTPUT: TESTSUITE ring_buf_init succeeded
2026-05-25 15:38:32,983 - twister - DEBUG - OUTPUT: Running TESTSUITE ring_buf_init
2026-05-25 15:38:32,983 - twister - DEBUG - OUTPUT: ===================================================================
2026-05-25 15:38:32,983 - twister - DEBUG - OUTPUT: START - test_fresh_state
2026-05-25 15:38:32,983 - twister - DEBUG - OUTPUT:  PASS - test_fresh_state in 0.000 seconds
2026-05-25 15:38:32,983 - twister - DEBUG - OUTPUT: ===================================================================
2026-05-25 15:38:32,983 - twister - DEBUG - OUTPUT: START - test_reinit_clears_state
2026-05-25 15:38:32,984 - twister - DEBUG - OUTPUT:  PASS - test_reinit_clears_state in 0.000 seconds
2026-05-25 15:38:32,984 - twister - DEBUG - OUTPUT: ===================================================================
2026-05-25 15:38:32,984 - twister - DEBUG - OUTPUT: START - test_fresh_state
2026-05-25 15:38:32,984 - twister - DEBUG - OUTPUT:  PASS - test_fresh_state in 0.000 seconds
2026-05-25 15:38:32,984 - twister - DEBUG - OUTPUT: ===================================================================
2026-05-25 15:38:32,984 - twister - DEBUG - OUTPUT: START - test_reinit_clears_state
2026-05-25 15:38:32,984 - twister - DEBUG - OUTPUT:  PASS - test_reinit_clears_state in 0.000 seconds
2026-05-25 15:38:32,984 - twister - DEBUG - OUTPUT: ===================================================================
2026-05-25 15:38:32,984 - twister - DEBUG - OUTPUT: START - test_reinit_clears_state
2026-05-25 15:38:32,984 - twister - DEBUG - OUTPUT:  PASS - test_reinit_clears_state in 0.000 seconds
2026-05-25 15:38:32,984 - twister - DEBUG - OUTPUT: ===================================================================
2026-05-25 15:38:32,984 - twister - DEBUG - OUTPUT: START - test_fresh_state
2026-05-25 15:38:32,984 - twister - DEBUG - OUTPUT:  PASS - test_fresh_state in 0.000 seconds
2026-05-25 15:38:32,984 - twister - DEBUG - OUTPUT: ===================================================================
2026-05-25 15:38:32,984 - twister - DEBUG - OUTPUT: TESTSUITE ring_buf_init succeeded
2026-05-25 15:38:32,985 - twister - DEBUG - OUTPUT: Running TESTSUITE ring_buf_init
2026-05-25 15:38:32,985 - twister - DEBUG - OUTPUT: ===================================================================
2026-05-25 15:38:32,985 - twister - DEBUG - OUTPUT: START - test_fresh_state
2026-05-25 15:38:32,985 - twister - DEBUG - OUTPUT:  PASS - test_fresh_state in 0.000 seconds
2026-05-25 15:38:32,985 - twister - DEBUG - OUTPUT: ===================================================================
2026-05-25 15:38:32,985 - twister - DEBUG - OUTPUT: START - test_reinit_clears_state
2026-05-25 15:38:32,985 - twister - DEBUG - OUTPUT:  PASS - test_reinit_clears_state in 0.000 seconds
2026-05-25 15:38:32,985 - twister - DEBUG - OUTPUT: ===================================================================
2026-05-25 15:38:32,985 - twister - DEBUG - OUTPUT: START - test_fresh_state
2026-05-25 15:38:32,985 - twister - DEBUG - OUTPUT:  PASS - test_fresh_state in 0.000 seconds
2026-05-25 15:38:32,985 - twister - DEBUG - OUTPUT: ===================================================================
2026-05-25 15:38:32,985 - twister - DEBUG - OUTPUT: START - test_reinit_clears_state
2026-05-25 15:38:32,985 - twister - DEBUG - OUTPUT:  PASS - test_reinit_clears_state in 0.000 seconds
2026-05-25 15:38:32,985 - twister - DEBUG - OUTPUT: ===================================================================
2026-05-25 15:38:32,985 - twister - DEBUG - OUTPUT: START - test_reinit_clears_state
2026-05-25 15:38:32,985 - twister - DEBUG - OUTPUT:  PASS - test_reinit_clears_state in 0.000 seconds
2026-05-25 15:38:32,986 - twister - DEBUG - OUTPUT: ===================================================================
2026-05-25 15:38:32,986 - twister - DEBUG - OUTPUT: START - test_fresh_state
2026-05-25 15:38:32,986 - twister - DEBUG - OUTPUT:  PASS - test_fresh_state in 0.000 seconds
2026-05-25 15:38:32,986 - twister - DEBUG - OUTPUT: ===================================================================
2026-05-25 15:38:32,986 - twister - DEBUG - OUTPUT: TESTSUITE ring_buf_init succeeded
2026-05-25 15:38:32,986 - twister - DEBUG - OUTPUT: Running TESTSUITE ring_buf_push_pop
2026-05-25 15:38:32,986 - twister - DEBUG - OUTPUT: ===================================================================
2026-05-25 15:38:32,986 - twister - DEBUG - OUTPUT: START - test_push_full_returns_enospc
2026-05-25 15:38:32,986 - twister - DEBUG - OUTPUT: [00:00:00.000,000] [1;33m<wrn> ring_buf: buffer full (capacity=4)[0m
2026-05-25 15:38:32,986 - twister - DEBUG - OUTPUT:  PASS - test_push_full_returns_enospc in 0.000 seconds
2026-05-25 15:38:32,986 - twister - DEBUG - OUTPUT: ===================================================================
2026-05-25 15:38:32,986 - twister - DEBUG - OUTPUT: START - test_single_push_pop
2026-05-25 15:38:32,986 - twister - DEBUG - OUTPUT:  PASS - test_single_push_pop in 0.000 seconds
2026-05-25 15:38:32,986 - twister - DEBUG - OUTPUT: ===================================================================
2026-05-25 15:38:32,986 - twister - DEBUG - OUTPUT: START - test_fifo_order
2026-05-25 15:38:32,986 - twister - DEBUG - OUTPUT:  PASS - test_fifo_order in 0.000 seconds
2026-05-25 15:38:32,987 - twister - DEBUG - OUTPUT: ===================================================================
2026-05-25 15:38:32,987 - twister - DEBUG - OUTPUT: START - test_push_full_returns_enospc
2026-05-25 15:38:32,987 - twister - DEBUG - OUTPUT: [00:00:00.000,000] [1;33m<wrn> ring_buf: buffer full (capacity=4)[0m
2026-05-25 15:38:32,987 - twister - DEBUG - OUTPUT:  PASS - test_push_full_returns_enospc in 0.000 seconds
2026-05-25 15:38:32,987 - twister - DEBUG - OUTPUT: ===================================================================
2026-05-25 15:38:32,987 - twister - DEBUG - OUTPUT: START - test_fifo_order
2026-05-25 15:38:32,987 - twister - DEBUG - OUTPUT:  PASS - test_fifo_order in 0.000 seconds
2026-05-25 15:38:32,987 - twister - DEBUG - OUTPUT: ===================================================================
2026-05-25 15:38:32,987 - twister - DEBUG - OUTPUT: START - test_single_push_pop
2026-05-25 15:38:32,987 - twister - DEBUG - OUTPUT:  PASS - test_single_push_pop in 0.000 seconds
2026-05-25 15:38:32,987 - twister - DEBUG - OUTPUT: ===================================================================
2026-05-25 15:38:32,987 - twister - DEBUG - OUTPUT: START - test_single_push_pop
2026-05-25 15:38:32,987 - twister - DEBUG - OUTPUT:  PASS - test_single_push_pop in 0.000 seconds
2026-05-25 15:38:32,987 - twister - DEBUG - OUTPUT: ===================================================================
2026-05-25 15:38:32,987 - twister - DEBUG - OUTPUT: START - test_push_full_returns_enospc
2026-05-25 15:38:32,987 - twister - DEBUG - OUTPUT: [00:00:00.000,000] [1;33m<wrn> ring_buf: buffer full (capacity=4)[0m
2026-05-25 15:38:32,988 - twister - DEBUG - OUTPUT:  PASS - test_push_full_returns_enospc in 0.000 seconds
2026-05-25 15:38:32,988 - twister - DEBUG - OUTPUT: ===================================================================
2026-05-25 15:38:32,988 - twister - DEBUG - OUTPUT: START - test_fifo_order
2026-05-25 15:38:32,988 - twister - DEBUG - OUTPUT:  PASS - test_fifo_order in 0.000 seconds
2026-05-25 15:38:32,988 - twister - DEBUG - OUTPUT: ===================================================================
2026-05-25 15:38:32,988 - twister - DEBUG - OUTPUT: TESTSUITE ring_buf_push_pop succeeded
2026-05-25 15:38:32,988 - twister - DEBUG - OUTPUT: Running TESTSUITE ring_buf_push_pop
2026-05-25 15:38:32,988 - twister - DEBUG - OUTPUT: ===================================================================
2026-05-25 15:38:32,988 - twister - DEBUG - OUTPUT: START - test_push_full_returns_enospc
2026-05-25 15:38:32,988 - twister - DEBUG - OUTPUT: [00:00:00.000,000] [1;33m<wrn> ring_buf: buffer full (capacity=4)[0m
2026-05-25 15:38:32,988 - twister - DEBUG - OUTPUT:  PASS - test_push_full_returns_enospc in 0.000 seconds
2026-05-25 15:38:32,988 - twister - DEBUG - OUTPUT: ===================================================================
2026-05-25 15:38:32,988 - twister - DEBUG - OUTPUT: START - test_single_push_pop
2026-05-25 15:38:32,988 - twister - DEBUG - OUTPUT:  PASS - test_single_push_pop in 0.000 seconds
2026-05-25 15:38:32,988 - twister - DEBUG - OUTPUT: ===================================================================
2026-05-25 15:38:32,988 - twister - DEBUG - OUTPUT: START - test_fifo_order
2026-05-25 15:38:32,989 - twister - DEBUG - OUTPUT:  PASS - test_fifo_order in 0.000 seconds
2026-05-25 15:38:32,989 - twister - DEBUG - OUTPUT: ===================================================================
2026-05-25 15:38:32,989 - twister - DEBUG - OUTPUT: START - test_fifo_order
2026-05-25 15:38:32,989 - twister - DEBUG - OUTPUT:  PASS - test_fifo_order in 0.000 seconds
2026-05-25 15:38:32,989 - twister - DEBUG - OUTPUT: ===================================================================
2026-05-25 15:38:32,989 - twister - DEBUG - OUTPUT: START - test_push_full_returns_enospc
2026-05-25 15:38:32,989 - twister - DEBUG - OUTPUT: [00:00:00.000,000] [1;33m<wrn> ring_buf: buffer full (capacity=4)[0m
2026-05-25 15:38:32,989 - twister - DEBUG - OUTPUT:  PASS - test_push_full_returns_enospc in 0.000 seconds
2026-05-25 15:38:32,989 - twister - DEBUG - OUTPUT: ===================================================================
2026-05-25 15:38:32,989 - twister - DEBUG - OUTPUT: START - test_single_push_pop
2026-05-25 15:38:32,989 - twister - DEBUG - OUTPUT:  PASS - test_single_push_pop in 0.000 seconds
2026-05-25 15:38:32,989 - twister - DEBUG - OUTPUT: ===================================================================
2026-05-25 15:38:32,989 - twister - DEBUG - OUTPUT: START - test_fifo_order
2026-05-25 15:38:32,989 - twister - DEBUG - OUTPUT:  PASS - test_fifo_order in 0.000 seconds
2026-05-25 15:38:32,989 - twister - DEBUG - OUTPUT: ===================================================================
2026-05-25 15:38:32,990 - twister - DEBUG - OUTPUT: START - test_push_full_returns_enospc
2026-05-25 15:38:32,990 - twister - DEBUG - OUTPUT: [00:00:00.000,000] [1;33m<wrn> ring_buf: buffer full (capacity=4)[0m
2026-05-25 15:38:32,990 - twister - DEBUG - OUTPUT:  PASS - test_push_full_returns_enospc in 0.000 seconds
2026-05-25 15:38:32,990 - twister - DEBUG - OUTPUT: ===================================================================
2026-05-25 15:38:32,990 - twister - DEBUG - OUTPUT: START - test_single_push_pop
2026-05-25 15:38:32,990 - twister - DEBUG - OUTPUT:  PASS - test_single_push_pop in 0.000 seconds
2026-05-25 15:38:32,990 - twister - DEBUG - OUTPUT: ===================================================================
2026-05-25 15:38:32,990 - twister - DEBUG - OUTPUT: TESTSUITE ring_buf_push_pop succeeded
2026-05-25 15:38:32,990 - twister - DEBUG - OUTPUT: Running TESTSUITE ring_buf_push_pop
2026-05-25 15:38:32,990 - twister - DEBUG - OUTPUT: ===================================================================
2026-05-25 15:38:32,990 - twister - DEBUG - OUTPUT: START - test_single_push_pop
2026-05-25 15:38:32,990 - twister - DEBUG - OUTPUT:  PASS - test_single_push_pop in 0.000 seconds
2026-05-25 15:38:32,990 - twister - DEBUG - OUTPUT: ===================================================================
2026-05-25 15:38:32,990 - twister - DEBUG - OUTPUT: START - test_fifo_order
2026-05-25 15:38:32,990 - twister - DEBUG - OUTPUT:  PASS - test_fifo_order in 0.000 seconds
2026-05-25 15:38:32,990 - twister - DEBUG - OUTPUT: ===================================================================
2026-05-25 15:38:32,991 - twister - DEBUG - OUTPUT: START - test_push_full_returns_enospc
2026-05-25 15:38:32,991 - twister - DEBUG - OUTPUT: [00:00:00.000,000] [1;33m<wrn> ring_buf: buffer full (capacity=4)[0m
2026-05-25 15:38:32,991 - twister - DEBUG - OUTPUT:  PASS - test_push_full_returns_enospc in 0.000 seconds
2026-05-25 15:38:32,991 - twister - DEBUG - OUTPUT: ===================================================================
2026-05-25 15:38:32,991 - twister - DEBUG - OUTPUT: START - test_single_push_pop
2026-05-25 15:38:32,991 - twister - DEBUG - OUTPUT:  PASS - test_single_push_pop in 0.000 seconds
2026-05-25 15:38:32,991 - twister - DEBUG - OUTPUT: ===================================================================
2026-05-25 15:38:32,991 - twister - DEBUG - OUTPUT: START - test_push_full_returns_enospc
2026-05-25 15:38:32,991 - twister - DEBUG - OUTPUT: [00:00:00.000,000] [1;33m<wrn> ring_buf: buffer full (capacity=4)[0m
2026-05-25 15:38:32,991 - twister - DEBUG - OUTPUT:  PASS - test_push_full_returns_enospc in 0.000 seconds
2026-05-25 15:38:32,991 - twister - DEBUG - OUTPUT: ===================================================================
2026-05-25 15:38:32,991 - twister - DEBUG - OUTPUT: START - test_fifo_order
2026-05-25 15:38:32,991 - twister - DEBUG - OUTPUT:  PASS - test_fifo_order in 0.000 seconds
2026-05-25 15:38:32,991 - twister - DEBUG - OUTPUT: ===================================================================
2026-05-25 15:38:32,991 - twister - DEBUG - OUTPUT: START - test_single_push_pop
2026-05-25 15:38:32,992 - twister - DEBUG - OUTPUT:  PASS - test_single_push_pop in 0.000 seconds
2026-05-25 15:38:32,992 - twister - DEBUG - OUTPUT: ===================================================================
2026-05-25 15:38:32,992 - twister - DEBUG - OUTPUT: START - test_push_full_returns_enospc
2026-05-25 15:38:32,992 - twister - DEBUG - OUTPUT: [00:00:00.000,000] [1;33m<wrn> ring_buf: buffer full (capacity=4)[0m
2026-05-25 15:38:32,992 - twister - DEBUG - OUTPUT:  PASS - test_push_full_returns_enospc in 0.000 seconds
2026-05-25 15:38:32,992 - twister - DEBUG - OUTPUT: ===================================================================
2026-05-25 15:38:32,992 - twister - DEBUG - OUTPUT: START - test_fifo_order
2026-05-25 15:38:32,992 - twister - DEBUG - OUTPUT:  PASS - test_fifo_order in 0.000 seconds
2026-05-25 15:38:32,992 - twister - DEBUG - OUTPUT: ===================================================================
2026-05-25 15:38:32,992 - twister - DEBUG - OUTPUT: TESTSUITE ring_buf_push_pop succeeded
2026-05-25 15:38:32,992 - twister - DEBUG - OUTPUT: 
2026-05-25 15:38:32,992 - twister - DEBUG - OUTPUT: ------ TESTSUITE SUMMARY START ------
2026-05-25 15:38:32,992 - twister - DEBUG - OUTPUT: 
2026-05-25 15:38:32,992 - twister - DEBUG - OUTPUT: SUITE PASS - 100.00% [ring_buf_boundaries]: pass = 3, fail = 0, skip = 0, total = 3 duration = 0.000 seconds
2026-05-25 15:38:32,992 - twister - DEBUG - OUTPUT:  - PASS - [ring_buf_boundaries.test_is_full_after_fill] duration = 0.000 seconds
2026-05-25 15:38:32,993 - twister - DEBUG - OUTPUT:  - PASS - [ring_buf_boundaries.test_peek_does_not_consume] duration = 0.000 seconds
2026-05-25 15:38:32,993 - twister - DEBUG - OUTPUT:  - PASS - [ring_buf_boundaries.test_pop_null_returns_einval] duration = 0.000 seconds
2026-05-25 15:38:32,993 - twister - DEBUG - OUTPUT: 
2026-05-25 15:38:32,993 - twister - DEBUG - OUTPUT: SUITE PASS - 100.00% [ring_buf_init]: pass = 2, fail = 0, skip = 0, total = 2 duration = 0.000 seconds
2026-05-25 15:38:32,993 - twister - DEBUG - OUTPUT:  - PASS - [ring_buf_init.test_fresh_state] duration = 0.000 seconds
2026-05-25 15:38:32,993 - twister - DEBUG - OUTPUT:  - PASS - [ring_buf_init.test_reinit_clears_state] duration = 0.000 seconds
2026-05-25 15:38:32,993 - twister - DEBUG - OUTPUT: 
2026-05-25 15:38:32,993 - twister - DEBUG - OUTPUT: SUITE PASS - 100.00% [ring_buf_push_pop]: pass = 3, fail = 0, skip = 0, total = 3 duration = 0.000 seconds
2026-05-25 15:38:32,993 - twister - DEBUG - OUTPUT:  - PASS - [ring_buf_push_pop.test_fifo_order] duration = 0.000 seconds
2026-05-25 15:38:32,993 - twister - DEBUG - OUTPUT:  - PASS - [ring_buf_push_pop.test_push_full_returns_enospc] duration = 0.000 seconds
2026-05-25 15:38:32,993 - twister - DEBUG - OUTPUT:  - PASS - [ring_buf_push_pop.test_single_push_pop] duration = 0.000 seconds
2026-05-25 15:38:32,993 - twister - DEBUG - OUTPUT: 
2026-05-25 15:38:32,993 - twister - DEBUG - OUTPUT: ------ TESTSUITE SUMMARY END ------
2026-05-25 15:38:32,993 - twister - DEBUG - OUTPUT: 
2026-05-25 15:38:32,993 - twister - DEBUG - OUTPUT: ===================================================================
2026-05-25 15:38:32,994 - twister - DEBUG - OUTPUT: RunID: 152e8f935a3f3e1fa969063db1cd0a28
2026-05-25 15:38:32,994 - twister - DEBUG - OUTPUT: PROJECT EXECUTION SUCCESSFUL
2026-05-25 15:38:32,995 - twister - DEBUG - Expected suite names:['ring_buf_init', 'ring_buf_push_pop', 'ring_buf_boundaries']
2026-05-25 15:38:32,995 - twister - DEBUG - Detected suite names:['ring_buf_boundaries', 'ring_buf_init', 'ring_buf_push_pop']
2026-05-25 15:38:32,995 - twister - DEBUG - run status: native_sim/native/host/homework.unit.ring_buf passed
2026-05-25 15:38:33,000 - twister - INFO - 1 test scenarios (1 configurations) selected, 0 configurations filtered (0 by static filter, 0 at runtime).
2026-05-25 15:38:33,005 - twister - INFO - [32m1 of 1[39m executed test configurations passed (100.00%), 0 built (not run), 0 failed, 0 errored, with no warnings in 7.55 seconds.
2026-05-25 15:38:33,005 - twister - INFO - 8 of 8 executed test cases passed (100.00%) on 1 out of total 1115 platforms (0.09%).
2026-05-25 15:38:33,005 - twister - INFO - [32m1[39m test configurations executed on platforms, [36m0[39m test configurations were only built.
2026-05-25 15:38:33,005 - twister - INFO - Saving reports...
2026-05-25 15:38:33,005 - twister - INFO - Writing JSON report /home/federico/Documents/Curso_Zephyr/taskworkspace/zephyr-course/twister-out/twister.json
2026-05-25 15:38:33,005 - twister - INFO - Writing xunit report /home/federico/Documents/Curso_Zephyr/taskworkspace/zephyr-course/twister-out/twister.xml...
2026-05-25 15:38:33,007 - twister - INFO - Writing xunit report /home/federico/Documents/Curso_Zephyr/taskworkspace/zephyr-course/twister-out/twister_report.xml...
2026-05-25 15:38:33,007 - twister - INFO - Run completed
